// Jest Snapshot v1, https://goo.gl/fbAQLP

exports[`Form should render correctly 1`] = `
<div>
  <div
    class="sc-eCYdqJ hQDWrj"
  >
    <div
      class="sc-gsnTZi kchGOK"
    >
      <div
        class="sc-dkzDqf eIgzCe"
      >
        <label
          for="email"
        >
          Email
        </label>
        <input
          id="email"
          name="email"
          type="email"
          value=""
        />
      </div>
    </div>
    <div
      class="sc-gsnTZi kchGOK"
    >
      <div
        class="sc-dkzDqf eIgzCe"
      >
        <label
          for="password"
        >
          Senha
        </label>
        <input
          id="password"
          name="password"
          type="password"
          value=""
        />
      </div>
      <button
        type="submit"
      >
        Entrar
      </button>
    </div>
  </div>
</div>
`;
